// Vitest Snapshot v1, https://vitest.dev/guide/snapshot.html

exports[`renders Content component 1`] = `
<DocumentFragment>
  <div
    class="flex-1 flex flex-col items-center justify-center p-4"
  >
    <h1
      class="text-center text-neutral-500 font-medium text-3xl sm:text-5xl"
    >
      A better way 
      <br />
      to enjoy every day.
    </h1>
    <p
      class="my-8 text-center text-neutral-400 text-lg"
    >
      Be the first to know when we launch
    </p>
    <button
      class="
    flex
    items-center
    justify-center
    h-[50px]
    px-4
    border
    text-sm
    font-medium
    outline-none
   
    text-neutral-500
    border-neutral-600
    focus-visible:outline-blue-700
    focus-visible:outline-2
    hover:bg-neutral-100
    active:hover:bg-neutral-50
   mb-8"
    >
      Request an invite
    </button>
  </div>
</DocumentFragment>
`;
